"+forward"		"Move forward"
"+back"			"Move backward"
"+moveleft"		"Move left"
"+moveright"	"Move right"
"+jump"			"Jump / swim up"
"+moveup"		"Swim up"
"+movedown"		"Swim down"
"+speed"		"Run"
"+strafe"		"Sidestep"
"+left"			"Turn left"
"+right"		"Turn right"
"+lookup"		"Look up"
"+lookdown"		"Look down"
"centerview"	"Center view"
"zoom_in"		"Toggle zoom"
"+zoom"			"Quick zoom"
"+attack"		"Attack"
"impulse 10"	"Next weapon"
"impulse 12"	"Previous weapon"
"impulse 1"		"Axe"
"impulse 2"		"Shotgun"
"impulse 3"		"Super Shotgun"
"impulse 4"		"Nailgun"
"impulse 5"		"Super Nailgun"
"impulse 6"		"Grenade Launcher"
"impulse 7"		"Rocket Launcher"
"impulse 8"		"Thunderbolt"
"impulse 225"	"Laser Cannon"
"impulse 226"	"Mjolnir"
"help"  "F1"
"menu_save" "Traditional Save"
"menu_load" "Traditional Save" 
"menu_options" "Options quick button"
"menu_multiplayer" "Multiplayer Quick Button"
"echo Quicksaving...; wait; save quick" "Quicksave" 
"echo Quickloading...; wait; load quick" "Quickload"